### npm audit (producción) por repo
=================== Fluvia
npm error code ENOLOCK
npm error audit This command requires an existing lockfile.
npm error audit Try creating one first with: npm i --package-lock-only
npm error audit Original error: loadVirtual requires existing shrinkwrap file
npm error A complete log of this run can be found in: /home/celestinojbm/.npm/_logs/2026-09-11T19_38_22_821Z-debug-0.log
=================== nova-context
npm error code ENOLOCK
npm error audit This command requires an existing lockfile.
npm error audit Try creating one first with: npm i --package-lock-only
npm error audit Original error: loadVirtual requires existing shrinkwrap file
npm error A complete log of this run can be found in: /home/celestinojbm/.npm/_logs/2026-09-11T19_38_22_972Z-debug-0.log
=================== EvolveOS
npm error code ENOLOCK
npm error audit This command requires an existing lockfile.
npm error audit Try creating one first with: npm i --package-lock-only
npm error audit Original error: loadVirtual requires existing shrinkwrap file
npm error A complete log of this run can be found in: /home/celestinojbm/.npm/_logs/2026-09-11T19_38_23_120Z-debug-0.log
=================== Donalabs/design-system
npm error code ENOLOCK
npm error audit This command requires an existing lockfile.
npm error audit Try creating one first with: npm i --package-lock-only
npm error audit Original error: loadVirtual requires existing shrinkwrap file
npm error A complete log of this run can be found in: /home/celestinojbm/.npm/_logs/2026-09-11T19_38_23_271Z-debug-0.log
### npm audit de Dona landing
postcss  <=8.5.22
Severity: high
PostCSS has XSS via Unescaped </style> in its CSS Stringify Output - https://github.com/advisories/GHSA-qx2v-qp2m-jg93
PostCSS: Arbitrary file read and information disclosure via attacker-controlled sourceMappingURL in CSS comments - https://github.com/advisories/GHSA-6g55-p6wh-862q
PostCSS: incomplete fix of GHSA-6g55-p6wh-862q — attacker-controlled sourceMappingURL reads arbitrary .map files when `from` is unset - https://github.com/advisories/GHSA-fxqj-rqcc-2cmp
PostCSS: Path Traversal in Previous Source Map Auto-Loading (sourceMappingURL) leads to Arbitrary .map File Disclosure - https://github.com/advisories/GHSA-r28c-9q8g-f849
fix available via `npm audit fix --force`
Will install next@16.3.5, which is outside the stated dependency range
node_modules/next/node_modules/postcss

sharp  <=0.35.4-rc.0
Severity: high
sharp inherited vulnerabilities in libvips: CVE-2026-33327, CVE-2026-33328, CVE-2026-35590, CVE-2026-35591 - https://github.com/advisories/GHSA-f88m-g3jw-g9cj
sharp: Vulnerabilities in libheif: GHSA-g89c-p67h-r497 and GHSA-2jg2-4ch7-h545 - https://github.com/advisories/GHSA-rgj7-g3m4-5g8c
fix available via `npm audit fix --force`
Will install next@16.3.5, which is outside the stated dependency range
node_modules/sharp

7 vulnerabilities (1 moderate, 3 high, 3 critical)

To address issues that do not require attention, run:
  npm audit fix

To address all issues, run:
  npm audit fix --force
